Update Event Request: Array
(
    [event_id] => 255
    [summary] => Anastasia
    [start_time] => 2025-10-15T14:00
    [end_time] => 2025-10-15T15:15
    [description] => Physio
    [all_day] => 0
    [remind_before] => 1d
    [update_event] => true
    [ajax] => true
)

Update Event Request: Array
(
    [event_id] => 255
    [summary] => Anastasia
    [start_time] => 2025-10-15T03:00
    [end_time] => 2025-10-15T03:15
    [description] => Physio
    [all_day] => 0
    [remind_before] => 1d
    [update_event] => true
    [ajax] => true
)

Update Event Request: Array
(
    [event_id] => 255
    [summary] => Anastasia
    [start_time] => 2025-10-15T06:30
    [end_time] => 2025-10-15T06:45
    [description] => Physio
    [all_day] => 0
    [remind_before] => 1d
    [update_event] => true
    [ajax] => true
)

Update Event Request: Array
(
    [event_id] => 255
    [summary] => Anastasia
    [start_time] => 2025-10-15T11:00
    [end_time] => 2025-10-15T11:15
    [description] => Physio
    [all_day] => 0
    [remind_before] => 1d
    [update_event] => true
    [ajax] => true
)

Update Event Request: Array
(
    [event_id] => 255
    [summary] => Anastasia
    [start_time] => 2025-10-15T13:30
    [end_time] => 2025-10-15T13:45
    [description] => Physio
    [all_day] => 0
    [remind_before] => 1d
    [update_event] => true
    [ajax] => true
)

